<area shape="rect" href="$classLexer.html#1a288367979bfa2acd1b199538c6e62a" title="Lexer::_next_token" alt="" coords="801,97,945,124">
<area shape="rect" href="$classLexer.html#52b3b14c9324630906d80dc7722ba25f" title="Lexer::unget" alt="" coords="192,84,296,111">
<area shape="rect" href="$classLexer.html#2ef2582c9902bd8b03ccc5176e7a5cf3" title="Lexer::next_token" alt="" coords="995,97,1133,124">
<area shape="rect" href="$classLexer.html#52f3b2f82433c8aa4b02067f517344e2" title="Lexer::_test" alt="" coords="1219,72,1317,99">
<area shape="rect" href="$classLexer.html#4fcce82cf800c4c60862ddfdd10823b1" title="Lexer::parse_semicolon" alt="" coords="1181,123,1355,149">
<area shape="rect" href="$classLexer.html#e47d67d89c560c1c061b1a3477dffe26" title="Lexer::_display" alt="" coords="815,21,932,48">
<area shape="rect" href="$classLexer.html#bba03d71c48f48bb35167425c6c8d8af" title="Lexer::_get_chr_and_nl" alt="" coords="345,109,513,136">
<area shape="rect" href="$classLexer.html#2752a2b16cc1ffbcb8fc3e82e95bf331" title="Lexer::Lexer" alt="" coords="377,59,481,85">
<area shape="rect" href="$classLexer.html#9b7cfd1865bc32e35694bfb4c058179f" title="Lexer::_get_chr" alt="" coords="597,109,717,136">
<area shape="rect" href="$classLexer.html#96dcb6b10ed55f7ce417a9a12c6be556" title="Lexer::_get_quoted_string" alt="" coords="563,59,752,85">
