<area shape="rect" href="$classSnortips.html#ca6dd5c39a222c982d55a9786b4068c1" title="Snortips::GetInfo" alt="" coords="183,56,313,83">
<area shape="rect" href="$classPf.html#3314c0e3c0573360b80d202a4e2e0b85" title="Installs given crontab contents." alt="" coords="167,157,329,184">
<area shape="rect" href="$classModel.html#61048fb2a76e82a62bc1cb060f956846" title="Saves collected statistics with current line count and stat() output." alt="" coords="180,245,316,272">
<area shape="rect" href="$classSnortips.html#167a35c683c8aaaf244b488ead4e3a3d" title="Displays a list of blocked, blacklisted, or whitelisted IPs." alt="" coords="383,5,599,32">
<area shape="rect" href="$classSnortips.html#1f1eb35f976124f24754d74193dd1c44" title="Snortips::Snortips" alt="" coords="423,56,559,83">
<area shape="rect" href="$classPf.html#c048f2726f7124db2486eb66261a1163" title="Sets after hours definitions in cron file." alt="" coords="701,56,853,83">
<area shape="rect" href="$classPf.html#070c916751f36cda0be837f272a3e6a2" title="Comments the line that matches the give regexp." alt="" coords="387,157,595,184">
<area shape="rect" href="$classPf.html#7d99d022de9721a8a2f3a6e748d3ce45" title="Uncomments the line that matches the give regexp." alt="" coords="379,208,603,235">
<area shape="rect" href="$classPf.html#c94a5dee2c0a4692a17635d25ecbd2db" title="Pf::Pf" alt="" coords="993,157,1052,184">
<area shape="rect" href="$classPf.html#3c603a557058a778d1f48e94b2157a22" title="Pf::DisableAfterHoursBusinessDays" alt="" coords="652,107,903,133">
<area shape="rect" href="$classPf.html#1c833d0efe6be110e287ea9222c48633" title="Pf::DisableAfterHoursHolidays" alt="" coords="669,157,885,184">
<area shape="rect" href="$classPf.html#26a036b05364f646da7903e3d357c334" title="Pf::EnableAfterHoursBusinessDays" alt="" coords="653,208,901,235">
<area shape="rect" href="$classPf.html#dfcd83f7631a4e74fa36a5c506f2f4f3" title="Pf::EnableAfterHoursHolidays" alt="" coords="671,259,884,285">
<area shape="rect" href="$classModel.html#2de95faa4fc211f54fcc882609ca4d7f" title="Updates statistics incrementally, both brief and full." alt="" coords="416,284,565,311">
<area shape="rect" href="$classModel.html#ffd6bba4698ad739939497598cadde66" title="Main statistics collector, as module data set." alt="" coords="715,309,840,336">
<area shape="rect" href="$classModel.html#a2edac23e52476f8e5c70d9893bc1fcb" title="Returns both brief and full statistics." alt="" coords="952,284,1093,311">
<area shape="rect" href="$classModel.html#e3b375de5f6df4faf74a95d64748e048" title="Model::Model" alt="" coords="1141,309,1248,336">
