<area shape="rect" href="$classModel.html#fe2fc7ef7e2b7d0d373bbd2ecb9fc89f" title="Checks if commented&#45;out Name exists." alt="" coords="191,157,377,184">
<area shape="rect" href="$classModel.html#651763904d218ee52464b258498c0255" title="Reads value of commented&#45;out NVP." alt="" coords="196,208,372,235">
<area shape="rect" href="$classNamed.html#757a87994c05c5420a9ec04bc6945292" title="Gets name server forwarders." alt="" coords="197,613,371,640">
<area shape="rect" href="$classDhcpd.html#5515c62cf7192cd30ed2bf6abd05cf1c" title="Provides the list of dhcpd interfaces." alt="" coords="229,715,339,741">
<area shape="rect" href="$classSnortips.html#e738fef7c603b5900df98ca6317f062e" title="Searches for an IP or !IP." alt="" coords="224,816,344,843">
<area shape="rect" href="$classModel.html#fc563954e2d371ee98dce6b41b639e9e" title="Checks if Name exists." alt="" coords="219,436,349,463">
<area shape="rect" href="$classSystem.html#fe5f80cd076e4ce053dd49a147256d2c" title="Reads nameserver setting." alt="" coords="191,563,377,589">
<area shape="rect" href="$classModel.html#f029e9daf3e62424861794f377f49ed6" title="Reads value of NVP." alt="" coords="224,284,344,311">
<area shape="rect" href="$classSystem.html#ec4ff12f4ffa17923354497da986d990" title="Reads root e&#45;mail address." alt="" coords="199,512,369,539">
<area shape="rect" href="$classModel.html#bf62334346f19c56c5ed701af936ce66" title="Returns all disabled configuration for a given configuration type." alt="" coords="428,157,609,184">
<area shape="rect" href="$classModel.html#4e346106b6f66e18e88b9d6c330655d1" title="Returns all configuration for a given configuration type." alt="" coords="660,208,836,235">
<area shape="rect" href="$classModel.html#e3b375de5f6df4faf74a95d64748e048" title="Model::Model" alt="" coords="929,233,1036,260">
<area shape="rect" href="$classSpamd.html#13fcb586abfc47bfb334989272a7b080" title="Start module process(es)." alt="" coords="464,208,573,235">
<area shape="rect" href="$classNamed.html#465e6be10ecf9bf9b3011e539cb6b0a7" title="Named::Named" alt="" coords="456,613,581,640">
<area shape="rect" href="$classDhcpd.html#a2eb2a470d473e5961cf34bf76be48d7" title="Adds a dhcpd interface." alt="" coords="696,765,800,792">
<area shape="rect" href="$classDhcpd.html#abdc96b3ea16dbee5c5a0ed82819a526" title="Dhcpd::Dhcpd" alt="" coords="927,765,1039,792">
<area shape="rect" href="$classDhcpd.html#392f0e213b794f59c9c06b0614b16f16" title="Deletes a dhcpd interface." alt="" coords="468,816,569,843">
<area shape="rect" href="$classDhcpd.html#e19fff168865b559ee5fdf10c3dd71c4" title="Start module process(es)." alt="" coords="467,715,571,741">
<area shape="rect" href="$classSnortips.html#7b4d353374db366af92c18454f639cdc" title="Adds an IP to snortips white or black list." alt="" coords="440,867,597,893">
<area shape="rect" href="$classSnortips.html#1f1eb35f976124f24754d74193dd1c44" title="Snortips::Snortips" alt="" coords="680,867,816,893">
<area shape="rect" href="$classModel.html#bf6ca5f5f6d8e69581e3e8e190df92cd" title="Returns all enabled configuration for a given configuration type." alt="" coords="455,259,583,285">
<area shape="rect" href="$classOpenvpn.html#901a6bb07c273c34ad67731c145fc435" title="Determines if the given conf file contains Client configuration." alt="" coords="435,436,603,463">
<area shape="rect" href="$classOpenvpn.html#81795c04e91b274e39a5572d7ceae3e2" title="Openvpn::Openvpn" alt="" coords="675,461,821,488">
<area shape="rect" href="$classOpenvpn.html#06db90eb360164f2583a2bad0ed15b02" title="Sets configuration file based on config type provided." alt="" coords="672,411,824,437">
<area shape="rect" href="$classOpenvpn.html#684e6487e49004dde5412fc26111e5e4" title="General form for selecting, deleting, and copying an OpenVPN conf file." alt="" coords="885,411,1080,437">
<area shape="rect" href="$classSystem.html#e317936c9bcf1374d61745572e0f2f8a" title="System::System" alt="" coords="917,512,1048,539">
<area shape="rect" href="$classModel.html#a4b322dc7d0a9d3da132f5149880d437" title="Get ext_if." alt="" coords="457,309,580,336">
<area shape="rect" href="$classModel.html#769e2fd12ca0ef7003ca4abdb86168cb" title="Get int_if." alt="" coords="460,360,577,387">
<area shape="rect" href="$classModel.html#799897eaa58becf38f093bd89a3eb519" title="Changes value of NVP." alt="" coords="459,107,579,133">
<area shape="rect" href="$classSystem.html#7522fb69a5b43f9536c94a7a0e952dd7" title="System::GetConfig" alt="" coords="675,309,821,336">
<area shape="rect" href="$classPf.html#88061cad8480c6c0856347ffe367c3f9" title="Sets afterhours interface name." alt="" coords="676,107,820,133">
<area shape="rect" href="$classModel.html#38785ba7c6f768435ca036c8377083b4" title="Sets the value of NVP configuration." alt="" coords="669,157,827,184">
<area shape="rect" href="$classPf.html#1bf8a6bec94a17fd9c420647e5f163bd" title="Sets interface names." alt="" coords="707,5,789,32">
<area shape="rect" href="$classPf.html#372750a2a1f52f4ca563d04c1b4c2d51" title="Sets int_net." alt="" coords="696,56,800,83">
<area shape="rect" href="$classPf.html#c94a5dee2c0a4692a17635d25ecbd2db" title="Pf::Pf" alt="" coords="953,56,1012,83">
