<area shape="rect" href="$classPf.html#7d99d022de9721a8a2f3a6e748d3ce45" title="Uncomments the line that matches the give regexp." alt="" coords="269,56,493,83">
<area shape="rect" href="$classPf.html#346f823608f77475cb9a14ab99871f0b" title="Checks if there is any overlap between business days and holidays in the given file..." alt="" coords="543,5,748,32">
<area shape="rect" href="$classPf.html#8289ceb51f54c6746f38841cb890173b" title="Gets active crontab." alt="" coords="585,56,705,83">
<area shape="rect" href="$classPf.html#3314c0e3c0573360b80d202a4e2e0b85" title="Installs given crontab contents." alt="" coords="564,107,727,133">
<area shape="rect" href="$lib_2lib_8php.html#bdb713d167f78cb17af6cbe7d651270b" title="Sets or updates $ViewError with the given message." alt="" coords="811,31,896,57">
<area shape="rect" href="$Controller_2lib_8php.html#452de2ffc796752557de0932efe45dab" title="Wrapper for controller error logging via syslog." alt="" coords="808,81,899,108">
<area shape="rect" href="$classModel.html#cdf121f58a23152dcc4071dfe70db060" title="Writes contents to file." alt="" coords="797,132,909,159">
