<area shape="rect" href="$classImspector.html#15d907a27af19486158b3b1b67508f29" title="Imspector::GetAcl" alt="" coords="224,5,360,32">
<area shape="rect" href="$classSnort.html#2ac8622f9bc1df51408ef8fa932d978a" title="Gets list of disabled/commented rules." alt="" coords="203,56,381,83">
<area shape="rect" href="$classSystem.html#36c0d8cad9ca8debbf348362fc0905ca" title="Reads hosts file contents." alt="" coords="221,157,363,184">
<area shape="rect" href="$classSquid.html#6b22621c2554337d860bf974441ac2e4" title="Extract all http IP:ports which squid listens to." alt="" coords="228,208,356,235">
<area shape="rect" href="$classDansguardian.html#0b9e653d6dc45ee19a3d65edce2d4909" title="Reads the list of IPs." alt="" coords="212,259,372,285">
<area shape="rect" href="$classSnortips.html#27b0c479d20bdddce35a26517a9791b2" title="Get keywords." alt="" coords="207,309,377,336">
<area shape="rect" href="$classSnortips.html#8199cf4bc4a556ba0c8f51f96f2d3ced" title="Provides a list of IPs." alt="" coords="217,360,367,387">
<area shape="rect" href="$classFreshclam.html#a78ccec2a4c3d9e548f70a6ece4f0759" title="Freshclam::GetMirrors" alt="" coords="209,411,375,437">
<area shape="rect" href="$classSnort.html#0fcf20d933aed79c1935ad44ac27a118" title="Get list of enabled/uncommented rules." alt="" coords="231,107,353,133">
<area shape="rect" href="$classImspector.html#da969b4f04feb17cc45173029137042b" title="Imspector::Imspector" alt="" coords="453,5,613,32">
<area shape="rect" href="$classSnort.html#ce6c82705690744cdc5ae36ed96a7ce1" title="Snort::Snort" alt="" coords="483,81,584,108">
<area shape="rect" href="$classSystem.html#e317936c9bcf1374d61745572e0f2f8a" title="System::System" alt="" coords="468,157,599,184">
<area shape="rect" href="$classSquid.html#19165b349f0a1e77ed05b9e2ead005c5" title="Squid::Squid" alt="" coords="483,208,584,235">
<area shape="rect" href="$classDansguardian.html#63f296a16c914fe0111a84a16f9d9f92" title="Returns the list of ips in exception or banned lists." alt="" coords="429,259,637,285">
<area shape="rect" href="$classDansguardian.html#3223beac3b98c7358167ff9be1558e82" title="Dansguardian::Dansguardian" alt="" coords="685,259,893,285">
<area shape="rect" href="$classSnortips.html#1f1eb35f976124f24754d74193dd1c44" title="Snortips::Snortips" alt="" coords="465,335,601,361">
<area shape="rect" href="$classFreshclam.html#5fe5d724af1acf79174ba885d89b968f" title="Freshclam::Freshclam" alt="" coords="452,411,615,437">
