<area shape="rect" href="$classModel.html#9beaec250eb1d242282695035de7e01d" title="Appends a string to a file." alt="" coords="211,5,363,32">
<area shape="rect" href="$classDansguardian.html#1541d167cf6bb0f98a07d51ffdacf01f" title="Dansguardian::DelIp" alt="" coords="211,81,363,108">
<area shape="rect" href="$classDansguardian.html#e23de9ee7a78d527cfdbd59642ea111c" title="Dansguardian::GetListFilePath" alt="" coords="412,132,628,159">
<area shape="rect" href="$Controller_2lib_8php.html#452de2ffc796752557de0932efe45dab" title="Wrapper for controller error logging via syslog." alt="" coords="761,19,852,45">
<area shape="rect" href="$lib_2lib_8php.html#998c26d78939d233b87794689e841eb9" title="Escapes chars." alt="" coords="487,31,553,57">
<area shape="rect" href="$classModel.html#3a3a50b49511d0d5f4373a15c83f60a8" title="Search and replace." alt="" coords="436,81,604,108">
<area shape="rect" href="$classDansguardian.html#0013485fedb8cc377383ce5c27dc5c6b" title="Reads DG configuration file pathname setting." alt="" coords="677,107,936,133">
<area shape="rect" href="$lib_2lib_8php.html#bdb713d167f78cb17af6cbe7d651270b" title="Sets or updates $ViewError with the given message." alt="" coords="764,157,849,184">
