<area shape="rect" href="$classModel.html#bf6ca5f5f6d8e69581e3e8e190df92cd" title="Returns all enabled configuration for a given configuration type." alt="" coords="207,5,335,32">
<area shape="rect" href="$classOpenvpn.html#901a6bb07c273c34ad67731c145fc435" title="Determines if the given conf file contains Client configuration." alt="" coords="187,56,355,83">
<area shape="rect" href="$classModel.html#4e346106b6f66e18e88b9d6c330655d1" title="Returns all configuration for a given configuration type." alt="" coords="404,5,580,32">
<area shape="rect" href="$classModel.html#e3b375de5f6df4faf74a95d64748e048" title="Model::Model" alt="" coords="673,5,780,32">
<area shape="rect" href="$classOpenvpn.html#81795c04e91b274e39a5572d7ceae3e2" title="Openvpn::Openvpn" alt="" coords="419,56,565,83">
<area shape="rect" href="$classOpenvpn.html#06db90eb360164f2583a2bad0ed15b02" title="Sets configuration file based on config type provided." alt="" coords="416,107,568,133">
<area shape="rect" href="$classOpenvpn.html#684e6487e49004dde5412fc26111e5e4" title="General form for selecting, deleting, and copying an OpenVPN conf file." alt="" coords="629,107,824,133">
