<area shape="rect" href="$classModel.html#bf62334346f19c56c5ed701af936ce66" title="Returns all disabled configuration for a given configuration type." alt="" coords="233,69,415,96">
<area shape="rect" href="$classModel.html#bf6ca5f5f6d8e69581e3e8e190df92cd" title="Returns all enabled configuration for a given configuration type." alt="" coords="260,145,388,172">
<area shape="rect" href="$classModel.html#b65c89562f51a2ec2c46ed622bfcd321" title="Sets configuration file based on config type provided." alt="" coords="257,196,391,223">
<area shape="rect" href="$classModel.html#26aeff109e6dbc24a2f7053966132b23" title="Returns configuration file of the module." alt="" coords="485,107,629,133">
<area shape="rect" href="$classModel.html#fe2fc7ef7e2b7d0d373bbd2ecb9fc89f" title="Checks if commented&#45;out Name exists." alt="" coords="464,5,651,32">
<area shape="rect" href="$classModel.html#651763904d218ee52464b258498c0255" title="Reads value of commented&#45;out NVP." alt="" coords="469,56,645,83">
<area shape="rect" href="$classModel.html#f2576452d0c09887bf098e304ab6d3e1" title="Searches a given file with a given regexp." alt="" coords="700,107,833,133">
<area shape="rect" href="$classModel.html#fc563954e2d371ee98dce6b41b639e9e" title="Checks if Name exists." alt="" coords="492,157,623,184">
<area shape="rect" href="$classModel.html#f029e9daf3e62424861794f377f49ed6" title="Reads value of NVP." alt="" coords="497,208,617,235">
