<area shape="rect" href="$classSystem.html#65ca554d07ee4accae9b6c83f735550f" title="Gets the default gateway from routing table." alt="" coords="201,43,420,69">
<area shape="rect" href="$classModel.html#a4b322dc7d0a9d3da132f5149880d437" title="Get ext_if." alt="" coords="249,93,372,120">
<area shape="rect" href="$classSystem.html#d97ce4436a87b24f0704eb6453963a8f" title="System::GetIfConfig" alt="" coords="233,195,388,221">
<area shape="rect" href="$classModel.html#769e2fd12ca0ef7003ca4abdb86168cb" title="Get int_if." alt="" coords="252,144,369,171">
<area shape="rect" href="$classSystem.html#b3e47a6e476aeb2c7ab65d1396aa9956" title="Reads hostname." alt="" coords="229,245,392,272">
<area shape="rect" href="$classModel.html#26a9043009ddbda075cf8e890dbd28d9" title="Extract physical interface names from ifconfig output." alt="" coords="244,296,377,323">
<area shape="rect" href="$classSystem.html#a3dfbc82601ff46ec77ed546f093e23a" title="Reads gateway address." alt="" coords="211,347,411,373">
<area shape="rect" href="$Controller_2lib_8php.html#452de2ffc796752557de0932efe45dab" title="Wrapper for controller error logging via syslog." alt="" coords="485,5,576,32">
<area shape="rect" href="$lib_2lib_8php.html#bdb713d167f78cb17af6cbe7d651270b" title="Sets or updates $ViewError with the given message." alt="" coords="488,56,573,83">
<area shape="rect" href="$classModel.html#f029e9daf3e62424861794f377f49ed6" title="Reads value of NVP." alt="" coords="471,132,591,159">
<area shape="rect" href="$classModel.html#f2576452d0c09887bf098e304ab6d3e1" title="Searches a given file with a given regexp." alt="" coords="641,132,775,159">
<area shape="rect" href="$classModel.html#79a6802745276910632fee29f9585495" title="Reads file contents." alt="" coords="475,245,587,272">
