<area shape="rect" href="$classLexer.html#e47d67d89c560c1c061b1a3477dffe26" title="Lexer::_display" alt="" coords="184,81,301,108">
<area shape="rect" href="$classLexer.html#bba03d71c48f48bb35167425c6c8d8af" title="Lexer::_get_chr_and_nl" alt="" coords="159,144,327,171">
<area shape="rect" href="$classLexer.html#d424b2c70ad63943c5c42c6d8a8f2d0e" title="Lexer::_unget_chr" alt="" coords="175,195,311,221">
<area shape="rect" href="$classLexer.html#2752a2b16cc1ffbcb8fc3e82e95bf331" title="Lexer::Lexer" alt="" coords="191,245,295,272">
<area shape="rect" href="$classLexer.html#2ef2582c9902bd8b03ccc5176e7a5cf3" title="Lexer::next_token" alt="" coords="401,56,540,83">
<area shape="rect" href="$classLexer.html#1a288367979bfa2acd1b199538c6e62a" title="Lexer::_next_token" alt="" coords="628,107,772,133">
<area shape="rect" href="$classLexer.html#52f3b2f82433c8aa4b02067f517344e2" title="Lexer::_test" alt="" coords="651,5,749,32">
<area shape="rect" href="$classLexer.html#4fcce82cf800c4c60862ddfdd10823b1" title="Lexer::parse_semicolon" alt="" coords="613,56,787,83">
<area shape="rect" href="$classLexer.html#9b7cfd1865bc32e35694bfb4c058179f" title="Lexer::_get_chr" alt="" coords="411,107,531,133">
<area shape="rect" href="$classLexer.html#96dcb6b10ed55f7ce417a9a12c6be556" title="Lexer::_get_quoted_string" alt="" coords="376,157,565,184">
