<area shape="rect" href="$classOpenvpn.html#397af92c61451e10c2a3f71528810be3" title="Gets files with conf ext." alt="" coords="196,81,345,108">
<area shape="rect" href="$classImlogs.html#acfcae31f544dd5dfaee9051c143b776" title="Imlogs::GetDirs" alt="" coords="211,233,331,260">
<area shape="rect" href="$classSpamassassin.html#a9b77f1bcedd561eb3d9efb25ed04b4c" title="Gets locale files." alt="" coords="175,309,367,336">
<area shape="rect" href="$classP3scan.html#609f6c982e6a0a299a3a622fc4e14a63" title="Gets list of locale files." alt="" coords="197,360,344,387">
<area shape="rect" href="$classImlogs.html#ae92041ddad8fdfd81efe7eff79091c5" title="Imlogs::ImGetFiles" alt="" coords="200,411,341,437">
<area shape="rect" href="$classOpenvpn.html#684e6487e49004dde5412fc26111e5e4" title="General form for selecting, deleting, and copying an OpenVPN conf file." alt="" coords="428,5,623,32">
<area shape="rect" href="$classOpenvpn.html#bfe789f2de84e30353cd58bae71727ce" title="General form for selecting an OpenVPN conf file to run." alt="" coords="416,56,635,83">
<area shape="rect" href="$classOpenvpn.html#81795c04e91b274e39a5572d7ceae3e2" title="Openvpn::Openvpn" alt="" coords="452,107,599,133">
<area shape="rect" href="$classImlogs.html#ff0360629aa1dd4aae74fe138de96ec7" title="Imlogs::GetLocalUsers" alt="" coords="443,157,608,184">
<area shape="rect" href="$classImlogs.html#272093bca964d79288c5df8d72bfd00c" title="Imlogs::GetProtocols" alt="" coords="448,208,603,235">
<area shape="rect" href="$classImlogs.html#93fa56fad0b9cdd789acc6d03465d2a7" title="Imlogs::GetRemoteUsers" alt="" coords="433,259,617,285">
<area shape="rect" href="$classImlogs.html#ce8d60f841608d128061c914952cf119" title="Imlogs::Imlogs" alt="" coords="683,233,797,260">
<area shape="rect" href="$classSpamassassin.html#e361a31310cb48214c2c18dca8c5510e" title="Spamassassin::Spamassassin" alt="" coords="419,309,632,336">
<area shape="rect" href="$classP3scan.html#cdd09b6b8cbfff2d34a92ff5ebd782b2" title="P3scan::P3scan" alt="" coords="464,360,587,387">
<area shape="rect" href="$classImlogs.html#e05933567c841d3645dee22bf6b94c49" title="Imlogs::GetSessions" alt="" coords="449,411,601,437">
