<area shape="rect" href="$Controller_2lib_8php.html#452de2ffc796752557de0932efe45dab" title="Wrapper for controller error logging via syslog." alt="" coords="241,5,332,32">
<area shape="rect" href="$classModel.html#26aeff109e6dbc24a2f7053966132b23" title="Returns configuration file of the module." alt="" coords="215,56,359,83">
<area shape="rect" href="$classModel.html#b65c89562f51a2ec2c46ed622bfcd321" title="Sets configuration file based on config type provided." alt="" coords="220,107,353,133">
<area shape="rect" href="$classModel.html#799897eaa58becf38f093bd89a3eb519" title="Changes value of NVP." alt="" coords="227,157,347,184">
<area shape="rect" href="$lib_2lib_8php.html#bdb713d167f78cb17af6cbe7d651270b" title="Sets or updates $ViewError with the given message." alt="" coords="244,208,329,235">
<area shape="rect" href="$lib_2lib_8php.html#998c26d78939d233b87794689e841eb9" title="Escapes chars." alt="" coords="436,132,503,159">
<area shape="rect" href="$classModel.html#f029e9daf3e62424861794f377f49ed6" title="Reads value of NVP." alt="" coords="409,183,529,209">
<area shape="rect" href="$classModel.html#f2576452d0c09887bf098e304ab6d3e1" title="Searches a given file with a given regexp." alt="" coords="580,183,713,209">
