<area shape="rect" href="$classModel.html#a4b322dc7d0a9d3da132f5149880d437" title="Get ext_if." alt="" coords="179,101,301,128">
<area shape="rect" href="$classModel.html#769e2fd12ca0ef7003ca4abdb86168cb" title="Get int_if." alt="" coords="181,51,299,77">
<area shape="rect" href="$classModel.html#bf6ca5f5f6d8e69581e3e8e190df92cd" title="Returns all enabled configuration for a given configuration type." alt="" coords="176,152,304,179">
<area shape="rect" href="$classModel.html#799897eaa58becf38f093bd89a3eb519" title="Changes value of NVP." alt="" coords="180,228,300,255">
<area shape="rect" href="$classSpamd.html#13fcb586abfc47bfb334989272a7b080" title="Start module process(es)." alt="" coords="185,279,295,305">
<area shape="rect" href="$classSystem.html#7522fb69a5b43f9536c94a7a0e952dd7" title="System::GetConfig" alt="" coords="368,51,515,77">
<area shape="rect" href="$classModel.html#e3b375de5f6df4faf74a95d64748e048" title="Model::Model" alt="" coords="591,127,697,153">
<area shape="rect" href="$classSystem.html#e317936c9bcf1374d61745572e0f2f8a" title="System::System" alt="" coords="579,51,709,77">
<area shape="rect" href="$classModel.html#4e346106b6f66e18e88b9d6c330655d1" title="Returns all configuration for a given configuration type." alt="" coords="353,152,529,179">
<area shape="rect" href="$classPf.html#88061cad8480c6c0856347ffe367c3f9" title="Sets afterhours interface name." alt="" coords="369,253,513,280">
<area shape="rect" href="$classModel.html#38785ba7c6f768435ca036c8377083b4" title="Sets the value of NVP configuration." alt="" coords="363,203,520,229">
<area shape="rect" href="$classPf.html#1bf8a6bec94a17fd9c420647e5f163bd" title="Sets interface names." alt="" coords="400,304,483,331">
<area shape="rect" href="$classPf.html#372750a2a1f52f4ca563d04c1b4c2d51" title="Sets int_net." alt="" coords="389,355,493,381">
<area shape="rect" href="$classPf.html#c94a5dee2c0a4692a17635d25ecbd2db" title="Pf::Pf" alt="" coords="615,304,673,331">
