<area shape="rect" href="$classApache.html" title="Apache" alt="" coords="137,31,207,57">
<area shape="rect" href="$classClamav.html" title="Clamav" alt="" coords="136,81,208,108">
<area shape="rect" href="$classClamd.html" title="Clamd" alt="" coords="140,132,204,159">
<area shape="rect" href="$classDansguardian.html" title="Dansguardian" alt="" coords="117,183,227,209">
<area shape="rect" href="$classDante.html" title="Dante" alt="" coords="141,233,203,260">
<area shape="rect" href="$classDhcpd.html" title="Dhcpd" alt="" coords="141,284,203,311">
<area shape="rect" href="$classDocs.html" title="Docs" alt="" coords="145,335,199,361">
<area shape="rect" href="$classFreshclam.html" title="Freshclam" alt="" coords="128,385,216,412">
<area shape="rect" href="$classFtpproxy.html" title="Ftpproxy" alt="" coords="132,436,212,463">
<area shape="rect" href="$classImlogs.html" title="Imlogs" alt="" coords="140,487,204,513">
<area shape="rect" href="$classImspector.html" title="Imspector" alt="" coords="129,537,215,564">
<area shape="rect" href="$classMonitoring.html" title="Monitoring" alt="" coords="128,588,216,615">
<area shape="rect" href="$classNamed.html" title="Named" alt="" coords="137,639,207,665">
<area shape="rect" href="$classOpenssh.html" title="Openssh" alt="" coords="133,689,211,716">
<area shape="rect" href="$classOpenvpn.html" title="Openvpn" alt="" coords="132,740,212,767">
<area shape="rect" href="$classP3scan.html" title="P3scan" alt="" coords="139,791,205,817">
<area shape="rect" href="$classPf.html" title="Pf" alt="" coords="153,841,191,868">
<area shape="rect" href="$classPmacct.html" title="Pmacct" alt="" coords="137,892,207,919">
<area shape="rect" href="$classSmtpgated.html" title="Smtpgated" alt="" coords="125,943,219,969">
<area shape="rect" href="$classSnort.html" title="Snort" alt="" coords="144,993,200,1020">
<area shape="rect" href="$classSnortips.html" title="Snortips" alt="" coords="135,1044,209,1071">
<area shape="rect" href="$classSpamassassin.html" title="Spamassassin" alt="" coords="116,1095,228,1121">
<area shape="rect" href="$classSpamd.html" title="Spamd" alt="" coords="139,1145,205,1172">
<area shape="rect" href="$classSquid.html" title="Squid" alt="" coords="144,1196,200,1223">
<area shape="rect" href="$classSymon.html" title="Symon" alt="" coords="139,1247,205,1273">
<area shape="rect" href="$classSymux.html" title="Symux" alt="" coords="139,1297,205,1324">
<area shape="rect" href="$classSystem.html" title="System" alt="" coords="136,1348,208,1375">
<area shape="rect" href="$classApachelogs.html" title="Apachelogs" alt="" coords="299,5,392,32">
<area shape="rect" href="$classCwlogs.html" title="Cwlogs" alt="" coords="312,56,379,83">
<area shape="rect" href="$classCwc.html" title="Cwc" alt="" coords="469,31,517,57">
<area shape="rect" href="$classCwwui.html" title="Cwwui" alt="" coords="461,81,525,108">
<area shape="rect" href="$classBlacklists.html" title="Blacklists" alt="" coords="307,157,384,184">
<area shape="rect" href="$classDansguardianlogs.html" title="Dansguardianlogs" alt="" coords="277,208,413,235">
<area shape="rect" href="$classSnortalerts.html" title="Snortalerts" alt="" coords="299,993,392,1020">
