<area shape="rect" href="$lib_2lib_8php.html#76b8877d5a35c08959e2609908c669b6" title="For classifying gettext strings into files." alt="" coords="308,5,369,32">
<area shape="rect" href="$lib_2lib_8php.html#b4da5c8117f5ef7afe6fdfeb41764bac" title="For classifying gettext strings into files." alt="" coords="304,56,373,83">
<area shape="rect" href="$classSnortips.html#ca6dd5c39a222c982d55a9786b4068c1" title="Snortips::GetInfo" alt="" coords="273,107,404,133">
<area shape="rect" href="$classModel.html#79a6802745276910632fee29f9585495" title="Reads file contents." alt="" coords="495,31,607,57">
<area shape="rect" href="$classModel.html#b72b9a2165463d9ed74e2387ad8902f0" title="Checks if the process(es) is running." alt="" coords="485,81,616,108">
<area shape="rect" href="$classModel.html#cdf121f58a23152dcc4071dfe70db060" title="Writes contents to file." alt="" coords="495,132,607,159">
<area shape="rect" href="$classModel.html#2d12753c999aac330108a00dd0f3abec" title="Runs given shell command and returns its output as string." alt="" coords="455,183,647,209">
