<area shape="rect" href="$classModel.html#13d954623f5fdc936047f3273a20abd8" title="Checks user&#39;s password supplied against the one in htpasswd file." alt="" coords="161,57,361,84">
<area shape="rect" href="$classModel.html#20f53926124c84fffd476021fd6d58d7" title="Disables a configuration item in conf file." alt="" coords="188,108,335,135">
<area shape="rect" href="$classModel.html#d2e2c0802bba9a76b1fba3c9c9e31e6f" title="Enables a configuration item in conf file." alt="" coords="189,159,333,185">
<area shape="rect" href="$classModel.html#a2edac23e52476f8e5c70d9893bc1fcb" title="Returns both brief and full statistics." alt="" coords="191,209,332,236">
<area shape="rect" href="$classModel.html#ffd6bba4698ad739939497598cadde66" title="Main statistics collector, as module data set." alt="" coords="440,184,565,211">
<area shape="rect" href="$classModel.html#0e43ca38ee4cee9f29e6b8192024dc28" title="Gets line count of file." alt="" coords="881,197,1060,224">
<area shape="rect" href="$classModel.html#4e346106b6f66e18e88b9d6c330655d1" title="Returns all configuration for a given configuration type." alt="" coords="173,1324,349,1351">
<area shape="rect" href="$classModel.html#7b4dfa63dc1823462b18efadd16b88b6" title="Model::GetDefaultLogFile" alt="" coords="169,412,353,439">
<area shape="rect" href="$classModel.html#a4b322dc7d0a9d3da132f5149880d437" title="Get ext_if." alt="" coords="441,463,564,489">
<area shape="rect" href="$classModel.html#7af16fa26a00320fe042c822deebfab4" title="Returns ComixWall cvs tag in the given file, if any." alt="" coords="181,513,341,540">
<area shape="rect" href="$classModel.html#769e2fd12ca0ef7003ca4abdb86168cb" title="Get int_if." alt="" coords="444,361,561,388">
<area shape="rect" href="$classModel.html#4795ba110e63f9818b053f98bafb380e" title="Gets logs for live logs pages." alt="" coords="187,615,336,641">
<area shape="rect" href="$classModel.html#d45004479b64ebb94297aa6b27ede5a8" title="Gets log files list with start dates." alt="" coords="179,665,344,692">
<area shape="rect" href="$classModel.html#7f8992e5e1ce2fb1252e28a4697e1d8d" title="Gets lines in file." alt="" coords="200,716,323,743">
<area shape="rect" href="$classModel.html#66be6edcbd364e21485e03144cfa2a46" title="Extracts the datetime of the first line in the log file." alt="" coords="171,767,352,793">
<area shape="rect" href="$classModel.html#26a9043009ddbda075cf8e890dbd28d9" title="Extract physical interface names from ifconfig output." alt="" coords="195,817,328,844">
<area shape="rect" href="$classModel.html#8e4d47e167d2ee8325f09289c7538c02" title="Gets the list of processes running." alt="" coords="189,868,333,895">
<area shape="rect" href="$classModel.html#e6a13e22597651045ca35dc07f71564b" title="Collects text statistics for the proc stats general page." alt="" coords="171,919,352,945">
<area shape="rect" href="$classModel.html#647435ed6c63149c209b093518623a2e" title="Gets service statuses." alt="" coords="171,969,352,996">
<area shape="rect" href="$classModel.html#0ae50b6dbbd53cc2db879f2aad4a6bb3" title="Gets sysctl output for the given arg." alt="" coords="195,1020,328,1047">
<area shape="rect" href="$classModel.html#53a0b80bb9ba660edf934fcded32e1f4" title="Gets software version string." alt="" coords="192,1071,331,1097">
<area shape="rect" href="$classModel.html#b72b9a2165463d9ed74e2387ad8902f0" title="Checks if the process(es) is running." alt="" coords="196,1121,327,1148">
<area shape="rect" href="$classModel.html#7b9bda42c0ab93f85ad329597d8c7093" title="Sends HUP to the module pid." alt="" coords="205,1172,317,1199">
<area shape="rect" href="$classModel.html#c95892eaf9c6371e23720359a3ce8004" title="Restart module processes." alt="" coords="204,1223,319,1249">
<area shape="rect" href="$classModel.html#3ff7381593aee6c57361809ac2a15228" title="Returns log file under tmp location." alt="" coords="185,1273,337,1300">
<area shape="rect" href="$classModel.html#38785ba7c6f768435ca036c8377083b4" title="Sets the value of NVP configuration." alt="" coords="183,564,340,591">
<area shape="rect" href="$classModel.html#4cdbaac69ea2e094a98caae1cbb7f2aa" title="Start module process(es)." alt="" coords="211,1375,312,1401">
<area shape="rect" href="$classModel.html#abaab1028bd3cbc20d4bc77f8a222f98" title="Stops module process(es)." alt="" coords="212,1425,311,1452">
<area shape="rect" href="$classModel.html#71879d121d5eb29eefaca11136b08239" title="Gets saved statistics for the given log file." alt="" coords="887,121,1055,148">
<area shape="rect" href="$Controller_2lib_8php.html#452de2ffc796752557de0932efe45dab" title="Wrapper for controller error logging via syslog." alt="" coords="1159,223,1249,249">
<area shape="rect" href="$classModel.html#79a6802745276910632fee29f9585495" title="Reads file contents." alt="" coords="1148,121,1260,148">
<area shape="rect" href="$classModel.html#9832a4bcb216f976db39555e231ec2b5" title="Gets name of the tmp statistics file for the given log file." alt="" coords="1111,172,1297,199">
<area shape="rect" href="$classModel.html#7c82d9c0848789a5b3cc4be23c58f13f" title="Returns the original file name for the given log file." alt="" coords="1348,223,1527,249">
<area shape="rect" href="$classModel.html#96cdbca1cb750f08af734720ce035527" title="Generates date regexp to be used by statistics functions." alt="" coords="651,172,824,199">
<area shape="rect" href="$classModel.html#06a223ba294ce4dedc681900919c35b5" title="Generates hour regexp to be used by statistics functions." alt="" coords="651,223,824,249">
<area shape="rect" href="$classModel.html#5b128ecbe8f5dba639ac124a1306be2b" title="Checks if the given log file has been updated." alt="" coords="881,273,1060,300">
<area shape="rect" href="$classModel.html#2de95faa4fc211f54fcc882609ca4d7f" title="Updates statistics incrementally, both brief and full." alt="" coords="663,121,812,148">
<area shape="rect" href="$classModel.html#ad5ea6ecfd799e86a4bf8d951f377758" title="Copies original log file to tmp location." alt="" coords="643,71,832,97">
<area shape="rect" href="$classModel.html#bf62334346f19c56c5ed701af936ce66" title="Returns all disabled configuration for a given configuration type." alt="" coords="412,792,593,819">
<area shape="rect" href="$classModel.html#bf6ca5f5f6d8e69581e3e8e190df92cd" title="Returns all enabled configuration for a given configuration type." alt="" coords="439,716,567,743">
<area shape="rect" href="$classModel.html#b65c89562f51a2ec2c46ed622bfcd321" title="Sets configuration file based on config type provided." alt="" coords="436,665,569,692">
<area shape="rect" href="$classModel.html#26aeff109e6dbc24a2f7053966132b23" title="Returns configuration file of the module." alt="" coords="665,716,809,743">
<area shape="rect" href="$classModel.html#fe2fc7ef7e2b7d0d373bbd2ecb9fc89f" title="Checks if commented&#45;out Name exists." alt="" coords="644,767,831,793">
<area shape="rect" href="$classModel.html#651763904d218ee52464b258498c0255" title="Reads value of commented&#45;out NVP." alt="" coords="649,817,825,844">
<area shape="rect" href="$classModel.html#f2576452d0c09887bf098e304ab6d3e1" title="Searches a given file with a given regexp." alt="" coords="904,716,1037,743">
<area shape="rect" href="$classModel.html#fc563954e2d371ee98dce6b41b639e9e" title="Checks if Name exists." alt="" coords="672,665,803,692">
<area shape="rect" href="$classModel.html#f029e9daf3e62424861794f377f49ed6" title="Reads value of NVP." alt="" coords="677,513,797,540">
<area shape="rect" href="$classModel.html#799897eaa58becf38f093bd89a3eb519" title="Changes value of NVP." alt="" coords="443,513,563,540">
<area shape="rect" href="$lib_2lib_8php.html#bdb713d167f78cb17af6cbe7d651270b" title="Sets or updates $ViewError with the given message." alt="" coords="460,615,545,641">
