<area shape="rect" href="$classLexer.html#2ef2582c9902bd8b03ccc5176e7a5cf3" title="Lexer::next_token" alt="" coords="227,224,365,251">
<area shape="rect" href="$classLexer.html#01804189679873434c0aa6eecb22f923" title="Lexer::parse_error" alt="" coords="860,300,1001,327">
<area shape="rect" href="$classLexer.html#e47d67d89c560c1c061b1a3477dffe26" title="Lexer::_display" alt="" coords="428,237,545,264">
<area shape="rect" href="$classLexer.html#1a288367979bfa2acd1b199538c6e62a" title="Lexer::_next_token" alt="" coords="415,187,559,213">
<area shape="rect" href="$classLexer.html#52b3b14c9324630906d80dc7722ba25f" title="Lexer::unget" alt="" coords="1092,148,1196,175">
<area shape="rect" href="$classLexer.html#d424b2c70ad63943c5c42c6d8a8f2d0e" title="Lexer::_unget_chr" alt="" coords="1273,148,1409,175">
<area shape="rect" href="$classLexer.html#9b7cfd1865bc32e35694bfb4c058179f" title="Lexer::_get_chr" alt="" coords="643,148,763,175">
<area shape="rect" href="$classLexer.html#81ce158e302121579da5a1087c1d7264" title="Lexer::_get_next_line" alt="" coords="1065,97,1223,124">
<area shape="rect" href="$classLexer.html#96dcb6b10ed55f7ce417a9a12c6be556" title="Lexer::_get_quoted_string" alt="" coords="608,199,797,225">
<area shape="rect" href="$classLexer.html#bba03d71c48f48bb35167425c6c8d8af" title="Lexer::_get_chr_and_nl" alt="" coords="847,148,1015,175">
