<area shape="rect" href="$classApache.html" title="Apache" alt="" coords="129,148,199,175">
<area shape="rect" href="$classApachelogs.html" title="Apachelogs" alt="" coords="291,97,384,124">
<area shape="rect" href="$classCwc.html" title="Cwc" alt="" coords="461,72,509,99">
<area shape="rect" href="$classCwwui.html" title="Cwwui" alt="" coords="453,173,517,200">
<area shape="rect" href="$classBlacklists.html" title="Blacklists" alt="" coords="299,275,376,301">
<area shape="rect" href="$classClamd.html" title="Clamd" alt="" coords="132,401,196,428">
<area shape="rect" href="$classDansguardian.html" title="Dansguardian" alt="" coords="109,300,219,327">
<area shape="rect" href="$classDansguardianlogs.html" title="Dansguardianlogs" alt="" coords="269,339,405,365">
<area shape="rect" href="$classDante.html" title="Dante" alt="" coords="133,452,195,479">
<area shape="rect" href="$classDhcpd.html" title="Dhcpd" alt="" coords="133,503,195,529">
<area shape="rect" href="$classDocs.html" title="Docs" alt="" coords="137,553,191,580">
<area shape="rect" href="$classFreshclam.html" title="Freshclam" alt="" coords="120,604,208,631">
<area shape="rect" href="$classFtpproxy.html" title="Ftpproxy" alt="" coords="124,655,204,681">
<area shape="rect" href="$classImlogs.html" title="Imlogs" alt="" coords="132,705,196,732">
<area shape="rect" href="$classImspector.html" title="Imspector" alt="" coords="121,756,207,783">
<area shape="rect" href="$classMonitoring.html" title="Monitoring" alt="" coords="120,807,208,833">
<area shape="rect" href="$classNamed.html" title="Named" alt="" coords="129,857,199,884">
<area shape="rect" href="$classOpenssh.html" title="Openssh" alt="" coords="125,908,203,935">
<area shape="rect" href="$classOpenvpn.html" title="Openvpn" alt="" coords="124,959,204,985">
<area shape="rect" href="$classP3scan.html" title="P3scan" alt="" coords="131,1009,197,1036">
<area shape="rect" href="$classPf.html" title="Pf" alt="" coords="145,1060,183,1087">
<area shape="rect" href="$classSmtpgated.html" title="Smtpgated" alt="" coords="117,1111,211,1137">
<area shape="rect" href="$classSnort.html" title="Snort" alt="" coords="136,1161,192,1188">
<area shape="rect" href="$classSnortalerts.html" title="Snortalerts" alt="" coords="291,1187,384,1213">
<area shape="rect" href="$classSnortips.html" title="Snortips" alt="" coords="127,1263,201,1289">
<area shape="rect" href="$classSpamassassin.html" title="Spamassassin" alt="" coords="108,1313,220,1340">
<area shape="rect" href="$classSpamd.html" title="Spamd" alt="" coords="131,1364,197,1391">
<area shape="rect" href="$classSquid.html" title="Squid" alt="" coords="136,1415,192,1441">
<area shape="rect" href="$classSystem.html" title="System" alt="" coords="128,1465,200,1492">
<area shape="rect" href="$classCwlogs.html" title="Cwlogs" alt="" coords="304,148,371,175">
