<area shape="rect" href="$classApache.html#4f93f9a47b2a4bdca07820dbbfe7ea3a" title="Apache::Apache" alt="" coords="245,5,371,32">
<area shape="rect" href="$classApachelogs.html#6a610b45210a1224d1d7ae0406bc923a" title="Apachelogs::Apachelogs" alt="" coords="220,56,396,83">
<area shape="rect" href="$classBlacklists.html#fc96c9da6aefc5a59feeee6bade9906e" title="Blacklists::Blacklists" alt="" coords="236,107,380,133">
<area shape="rect" href="$classClamd.html#fff16097e843dc294bd397f563f978d3" title="Clamd::Clamd" alt="" coords="251,157,365,184">
<area shape="rect" href="$classCwc.html#62a58a07e64f74494637fb006d722828" title="Cwc::Cwc" alt="" coords="265,208,351,235">
<area shape="rect" href="$classCwwui.html#a7a0172b7c1c6caa7a56642b3f7fa764" title="Cwwui::Cwwui" alt="" coords="251,259,365,285">
<area shape="rect" href="$classDansguardian.html#3223beac3b98c7358167ff9be1558e82" title="Dansguardian::Dansguardian" alt="" coords="204,309,412,336">
<area shape="rect" href="$classDansguardianlogs.html#fdc9eb4594163e2c34da108deb26fa69" title="Dansguardianlogs::Dansguardianlogs" alt="" coords="179,360,437,387">
<area shape="rect" href="$classDante.html#30959ae5529aab6054f30e390e33f1f2" title="Dante::Dante" alt="" coords="253,411,363,437">
<area shape="rect" href="$classDhcpd.html#abdc96b3ea16dbee5c5a0ed82819a526" title="Dhcpd::Dhcpd" alt="" coords="252,461,364,488">
<area shape="rect" href="$classFreshclam.html#5fe5d724af1acf79174ba885d89b968f" title="Freshclam::Freshclam" alt="" coords="227,512,389,539">
<area shape="rect" href="$classFtpproxy.html#9970902f62465d526d2f3572d425bdc6" title="Ftpproxy::Ftpproxy" alt="" coords="235,563,381,589">
<area shape="rect" href="$classImspector.html#da969b4f04feb17cc45173029137042b" title="Imspector::Imspector" alt="" coords="228,613,388,640">
<area shape="rect" href="$classMonitoring.html#17b1e40dce38604ef1951ebfe8ca888b" title="Monitoring::Monitoring" alt="" coords="225,664,391,691">
<area shape="rect" href="$classNamed.html#465e6be10ecf9bf9b3011e539cb6b0a7" title="Named::Named" alt="" coords="245,715,371,741">
<area shape="rect" href="$classOpenssh.html#086f16c5c906013d4011ca028b02b32f" title="Openssh::Openssh" alt="" coords="237,765,379,792">
<area shape="rect" href="$classOpenvpn.html#81795c04e91b274e39a5572d7ceae3e2" title="Openvpn::Openvpn" alt="" coords="235,816,381,843">
<area shape="rect" href="$classP3scan.html#cdd09b6b8cbfff2d34a92ff5ebd782b2" title="P3scan::P3scan" alt="" coords="247,867,369,893">
<area shape="rect" href="$classPf.html#c94a5dee2c0a4692a17635d25ecbd2db" title="Pf::Pf" alt="" coords="279,917,337,944">
<area shape="rect" href="$classSmtpgated.html#39f1193bb88e94502d9524230c0cc4b8" title="Smtpgated::Smtpgated" alt="" coords="220,968,396,995">
<area shape="rect" href="$classSnort.html#ce6c82705690744cdc5ae36ed96a7ce1" title="Snort::Snort" alt="" coords="257,1019,359,1045">
<area shape="rect" href="$classSnortalerts.html#32f5eff988d6705218616d2b86d5e38b" title="Snortalerts::Snortalerts" alt="" coords="221,1069,395,1096">
<area shape="rect" href="$classSnortips.html#1f1eb35f976124f24754d74193dd1c44" title="Snortips::Snortips" alt="" coords="240,1120,376,1147">
<area shape="rect" href="$classSpamassassin.html#e361a31310cb48214c2c18dca8c5510e" title="Spamassassin::Spamassassin" alt="" coords="201,1171,415,1197">
<area shape="rect" href="$classSpamd.html#f2684768b6c00120af5c52aafd8e8116" title="Spamd::Spamd" alt="" coords="247,1221,369,1248">
<area shape="rect" href="$classSquid.html#19165b349f0a1e77ed05b9e2ead005c5" title="Squid::Squid" alt="" coords="257,1272,359,1299">
<area shape="rect" href="$classSystem.html#e317936c9bcf1374d61745572e0f2f8a" title="System::System" alt="" coords="243,1323,373,1349">
