<area shape="rect" href="$classImspector.html#425337aca36526afae0eb7dcce80cde2" title="Imspector::DelAcl" alt="" coords="152,289,285,316">
<area shape="rect" href="$classImspector.html#1d2c314f7c88c48b4024de9daf523684" title="Imspector::DelBadword" alt="" coords="132,49,305,76">
<area shape="rect" href="$classDansguardian.html#b09f604a29a0844fe7593744ac275c0b" title="Dansguardian::DelExt" alt="" coords="137,188,300,215">
<area shape="rect" href="$classDansguardian.html#1541d167cf6bb0f98a07d51ffdacf01f" title="Dansguardian::DelIp" alt="" coords="143,809,295,836">
<area shape="rect" href="$classDansguardian.html#99b75455333516bc6f94a1cc2692d786" title="Deletes IP and filter group pair." alt="" coords="371,657,579,684">
<area shape="rect" href="$classSquid.html#4a83698e0e8bfe91bf7387392f0eadce" title="Deletes IP:port from squid config file." alt="" coords="156,353,281,380">
<area shape="rect" href="$classSnortips.html#0a79b554c3dfc53f72b3bd1432bcc4d1" title="Delete a keyword." alt="" coords="139,455,299,481">
<area shape="rect" href="$classFreshclam.html#1aee4c6ccc8aaeb8c80e15e397d8d8e8" title="Freshclam::DelMirror" alt="" coords="141,607,296,633">
<area shape="rect" href="$classDansguardian.html#55b62895a9880cc9b629d449f72ef3a6" title="Dansguardian::DelSiteList" alt="" coords="125,911,312,937">
<area shape="rect" href="$classDansguardian.html#8ac02e2143925e31dca45add34de0e25" title="Dansguardian::DelUrlList" alt="" coords="128,708,309,735">
<area shape="rect" href="$classDansguardian.html#0397f612ade747b0ac17128e0ba25cec" title="Dansguardian::DisableExt" alt="" coords="125,961,312,988">
<area shape="rect" href="$classDansguardian.html#a0d5bf5b976068e81aab5f953fe3d670" title="Dansguardian::EnableExt" alt="" coords="127,759,311,785">
<area shape="rect" href="$classSnortips.html#e738fef7c603b5900df98ca6317f062e" title="Searches for an IP or !IP." alt="" coords="159,531,279,557">
<area shape="rect" href="$classDansguardian.html#142b380ab8aaae3208d18e7b35fb3a3e" title="Checks if site exists or gets the list of sites." alt="" coords="124,1063,313,1089">
<area shape="rect" href="$classDansguardian.html#a8a1038deccaa25574fb228dcf8b1a6a" title="Checks if url exists or gets the list of urls." alt="" coords="127,1012,311,1039">
<area shape="rect" href="$classImspector.html#de8f8ae9dc8269f762904c44cf933db3" title="Imspector::MoveAclDown" alt="" coords="381,100,568,127">
<area shape="rect" href="$classImspector.html#0f0532238604aad7ad3e5a34f20bcd37" title="Imspector::MoveAclUp" alt="" coords="391,151,559,177">
<area shape="rect" href="$classSnort.html#b7bab2d1ded32940d590bafb2b010419" title="Snort::MoveRuleDown" alt="" coords="136,1113,301,1140">
<area shape="rect" href="$classSnort.html#723ad507b99013487e6a24aa33152611" title="Snort::MoveRuleUp" alt="" coords="145,1164,292,1191">
<area shape="rect" href="$classModel.html#799897eaa58becf38f093bd89a3eb519" title="Changes value of NVP." alt="" coords="159,1265,279,1292">
<area shape="rect" href="$classImspector.html#60fbadb2da6ccde868e5af4e9b6b3c7f" title="Imspector::AddAcl" alt="" coords="405,201,544,228">
<area shape="rect" href="$classImspector.html#da969b4f04feb17cc45173029137042b" title="Imspector::Imspector" alt="" coords="659,125,819,152">
<area shape="rect" href="$classImspector.html#33903adb8a755188d814506860428899" title="Imspector::AddBadword" alt="" coords="387,49,563,76">
<area shape="rect" href="$classDansguardian.html#8682b938e4d7c66e0e520af27110e1dc" title="Dansguardian::AddIp" alt="" coords="397,860,552,887">
<area shape="rect" href="$classDansguardian.html#3223beac3b98c7358167ff9be1558e82" title="Dansguardian::Dansguardian" alt="" coords="635,885,843,912">
<area shape="rect" href="$classSquid.html#240c52da7a337b4a8020b16cb5cbc0e4" title="Adds IP:port to squid config file." alt="" coords="409,303,540,329">
<area shape="rect" href="$classSquid.html#19165b349f0a1e77ed05b9e2ead005c5" title="Squid::Squid" alt="" coords="688,328,789,355">
<area shape="rect" href="$classSnortips.html#a1a3dcf40c186e80f655b3e849204f79" title="Add a keyword." alt="" coords="392,455,557,481">
<area shape="rect" href="$classSnortips.html#1f1eb35f976124f24754d74193dd1c44" title="Snortips::Snortips" alt="" coords="671,455,807,481">
<area shape="rect" href="$classFreshclam.html#c009eaba12e07166677ba5cc230d47de" title="Freshclam::AddMirror" alt="" coords="395,607,555,633">
<area shape="rect" href="$classFreshclam.html#5fe5d724af1acf79174ba885d89b968f" title="Freshclam::Freshclam" alt="" coords="657,581,820,608">
<area shape="rect" href="$classDansguardian.html#d0ffa3b849c6ed659e93516d4a5bd2b5" title="Dansguardian::AddSiteList" alt="" coords="379,911,571,937">
<area shape="rect" href="$classDansguardian.html#f91baae36b305f29c3d52a2c4d9820e0" title="Dansguardian::AddUrlList" alt="" coords="383,759,567,785">
<area shape="rect" href="$classDansguardian.html#ee2d85fa304e8beebbc5663db1343391" title="Dansguardian::DisableExtMime" alt="" coords="363,1012,587,1039">
<area shape="rect" href="$classSnortips.html#7b4d353374db366af92c18454f639cdc" title="Adds an IP to snortips white or black list." alt="" coords="396,505,553,532">
<area shape="rect" href="$classSnort.html#ce6c82705690744cdc5ae36ed96a7ce1" title="Snort::Snort" alt="" coords="424,1164,525,1191">
<area shape="rect" href="$classPf.html#88061cad8480c6c0856347ffe367c3f9" title="Sets afterhours interface name." alt="" coords="403,1265,547,1292">
<area shape="rect" href="$classModel.html#38785ba7c6f768435ca036c8377083b4" title="Sets the value of NVP configuration." alt="" coords="396,1367,553,1393">
<area shape="rect" href="$classPf.html#1bf8a6bec94a17fd9c420647e5f163bd" title="Sets interface names." alt="" coords="433,1316,516,1343">
<area shape="rect" href="$classPf.html#372750a2a1f52f4ca563d04c1b4c2d51" title="Sets int_net." alt="" coords="423,1215,527,1241">
<area shape="rect" href="$classPf.html#c94a5dee2c0a4692a17635d25ecbd2db" title="Pf::Pf" alt="" coords="709,1265,768,1292">
<area shape="rect" href="$classModel.html#e3b375de5f6df4faf74a95d64748e048" title="Model::Model" alt="" coords="685,1367,792,1393">
