<area shape="rect" href="$libwui_8php.html#d0e14e8f6c91d4b2f2fbee605ee2fe3b" title="Common HTML footer lines." alt="" coords="180,5,311,32">
<area shape="rect" href="$pf_2conf_8php.html#c64f2c8fe09d16dede2fec25d5a66cbf" title="Prints After Hour modification form." alt="" coords="167,56,324,83">
<area shape="rect" href="$classSnortips.html#167a35c683c8aaaf244b488ead4e3a3d" title="Displays a list of blocked, blacklisted, or whitelisted IPs." alt="" coords="137,107,353,133">
<area shape="rect" href="$system_2conf_8basic_8php.html#b3302a35af4868f1fc1ff6222f796d84" title="Displays a form to change system datetime." alt="" coords="171,157,320,184">
<area shape="rect" href="$classDansguardian.html#4411714b4998992ac2314169e33623e4" title="Displays an edit box and a botton to change current group." alt="" coords="117,208,373,235">
<area shape="rect" href="$conf_8net_8php.html#617ae963935c14fc2383a1192e78ea7d" title="Displays a list box with hosts file contents." alt="" coords="184,259,307,285">
<area shape="rect" href="$pf_2conf_8php.html#aa1ff9edc68209ae01a6e1f531872a15" title="Displays privileged IPs form." alt="" coords="180,309,311,336">
<area shape="rect" href="$pf_2conf_8php.html#6b55979d5d21401a5cdab7181d2a8d61" title="Displays restricted IPs form." alt="" coords="160,360,331,387">
<area shape="rect" href="$View_2dansguardian_2blacklists_8php.html#5724a4c241a5ea29b506b5d7e1ebe9f3" title="Displays a form to search sites/urls in black lists." alt="" coords="136,411,355,437">
