<area shape="rect" href="$classSnortips.html#7b4d353374db366af92c18454f639cdc" title="Adds an IP to snortips white or black list." alt="" coords="185,12,343,39">
<area shape="rect" href="$classSystem.html#f4f989110faa9fa75478d381994d04c1" title="Runs installer with automatic configuration option." alt="" coords="492,360,644,387">
<area shape="rect" href="$classPf.html#346f823608f77475cb9a14ab99871f0b" title="Checks if there is any overlap between business days and holidays in the given file..." alt="" coords="161,436,367,463">
<area shape="rect" href="$classDansguardian.html#26906892af82dae756965c6ac76782c1" title="Creates a new web filter group." alt="" coords="757,892,989,919">
<area shape="rect" href="$classSnortips.html#47f7c429e6b97de09357ee361ea13bfc" title="Deletes a list of IPs from a list." alt="" coords="177,69,351,96">
<area shape="rect" href="$classFreshclam.html#1aee4c6ccc8aaeb8c80e15e397d8d8e8" title="Freshclam::DelMirror" alt="" coords="187,816,341,843">
<area shape="rect" href="$classPf.html#8289ceb51f54c6746f38841cb890173b" title="Gets active crontab." alt="" coords="204,537,324,564">
<area shape="rect" href="$classSystem.html#65ca554d07ee4accae9b6c83f735550f" title="Gets the default gateway from routing table." alt="" coords="155,132,373,159">
<area shape="rect" href="$classDansguardian.html#a642292492bb92a297565ac03b4c5338" title="Dansguardian::GetGroupFile" alt="" coords="163,715,365,741">
<area shape="rect" href="$classDansguardian.html#a6689fb0f1a3febc3c3c4279e0aa838d" title="Gets the ip.conf file pathname from master file." alt="" coords="139,867,389,893">
<area shape="rect" href="$classDansguardian.html#e23de9ee7a78d527cfdbd59642ea111c" title="Dansguardian::GetListFilePath" alt="" coords="156,664,372,691">
<area shape="rect" href="$classPf.html#05f7a7b28d0c120640a7cd73fe8ae927" title="Gets the pftop output." alt="" coords="811,613,936,640">
<area shape="rect" href="$classSystem.html#07a222d3ecfd0f578745e89b77ae8636" title="Delete all graph files, and recreate if necessary." alt="" coords="495,208,641,235">
<area shape="rect" href="$classPf.html#3314c0e3c0573360b80d202a4e2e0b85" title="Installs given crontab contents." alt="" coords="183,487,345,513">
<area shape="rect" href="$classOpenvpn.html#1a740c26a8bd12e130a95b860fd9e664" title="Starts module process(es)." alt="" coords="196,917,332,944">
<area shape="rect" href="$classModel.html#38785ba7c6f768435ca036c8377083b4" title="Sets the value of NVP configuration." alt="" coords="185,968,343,995">
<area shape="rect" href="$classSystem.html#57d5089eefe72fb922bde9621cb95997" title="Sets system clock." alt="" coords="485,259,651,285">
<area shape="rect" href="$classSystem.html#9b82b86a65b4b2cb2e1040ebbe61a97b" title="Sets system interface configuration." alt="" coords="512,309,624,336">
<area shape="rect" href="$classSnort.html#f4f9e74238b4f9b37d828d9e06c20d09" title="Snort::Start" alt="" coords="215,1019,313,1045">
<area shape="rect" href="$classPmacct.html#fef0c6ec06230e6e0a2ee6b7454b01b0" title="Start module process(es)." alt="" coords="208,1069,320,1096">
<area shape="rect" href="$classSnort.html#8bd1508972232b8d24c23a4964e243ba" title="Stops module process(es)." alt="" coords="216,1120,312,1147">
<area shape="rect" href="$Controller_2lib_8php.html#2934d5622cf3c44660691b4dc45fd695" title="Checks types of the arguments passed." alt="" coords="213,1171,315,1197">
<area shape="rect" href="$classSnortips.html#1f1eb35f976124f24754d74193dd1c44" title="Snortips::Snortips" alt="" coords="500,5,636,32">
<area shape="rect" href="$classSystem.html#e317936c9bcf1374d61745572e0f2f8a" title="System::System" alt="" coords="808,208,939,235">
<area shape="rect" href="$classPf.html#c048f2726f7124db2486eb66261a1163" title="Sets after hours definitions in cron file." alt="" coords="492,461,644,488">
<area shape="rect" href="$classPf.html#7d99d022de9721a8a2f3a6e748d3ce45" title="Uncomments the line that matches the give regexp." alt="" coords="456,411,680,437">
<area shape="rect" href="$classPf.html#c94a5dee2c0a4692a17635d25ecbd2db" title="Pf::Pf" alt="" coords="1123,461,1181,488">
<area shape="rect" href="$classPf.html#26a036b05364f646da7903e3d357c334" title="Pf::EnableAfterHoursBusinessDays" alt="" coords="749,360,997,387">
<area shape="rect" href="$classPf.html#dfcd83f7631a4e74fa36a5c506f2f4f3" title="Pf::EnableAfterHoursHolidays" alt="" coords="767,309,980,336">
<area shape="rect" href="$classDansguardian.html#3223beac3b98c7358167ff9be1558e82" title="Dansguardian::Dansguardian" alt="" coords="1048,765,1256,792">
<area shape="rect" href="$classFreshclam.html#c009eaba12e07166677ba5cc230d47de" title="Freshclam::AddMirror" alt="" coords="488,1019,648,1045">
<area shape="rect" href="$classFreshclam.html#5fe5d724af1acf79174ba885d89b968f" title="Freshclam::Freshclam" alt="" coords="792,993,955,1020">
<area shape="rect" href="$classPf.html#070c916751f36cda0be837f272a3e6a2" title="Comments the line that matches the give regexp." alt="" coords="464,512,672,539">
<area shape="rect" href="$classPf.html#866ea80e46a4adfa37bbea492a9e33f4" title="Gets pf AfterHour definitions from cron file." alt="" coords="804,563,943,589">
<area shape="rect" href="$classPf.html#3c603a557058a778d1f48e94b2157a22" title="Pf::DisableAfterHoursBusinessDays" alt="" coords="748,461,999,488">
<area shape="rect" href="$classPf.html#1c833d0efe6be110e287ea9222c48633" title="Pf::DisableAfterHoursHolidays" alt="" coords="765,512,981,539">
<area shape="rect" href="$classSystem.html#7522fb69a5b43f9536c94a7a0e952dd7" title="System::GetConfig" alt="" coords="495,107,641,133">
<area shape="rect" href="$classSystem.html#e5dc6b14132e517e9724bf962c493964" title="System::SystemMakeStaticGateway" alt="" coords="437,157,699,184">
<area shape="rect" href="$classDansguardian.html#ee2d85fa304e8beebbc5663db1343391" title="Dansguardian::DisableExtMime" alt="" coords="761,816,985,843">
<area shape="rect" href="$classDansguardian.html#b5e3738b003f8fdc42d6fdd9217cb032" title="Returns configuration file of the module." alt="" coords="471,867,665,893">
<area shape="rect" href="$classDansguardian.html#8682b938e4d7c66e0e520af27110e1dc" title="Dansguardian::AddIp" alt="" coords="796,765,951,792">
<area shape="rect" href="$classDansguardian.html#1541d167cf6bb0f98a07d51ffdacf01f" title="Dansguardian::DelIp" alt="" coords="492,715,644,741">
<area shape="rect" href="$classDansguardian.html#63f296a16c914fe0111a84a16f9d9f92" title="Returns the list of ips in exception or banned lists." alt="" coords="769,664,977,691">
<area shape="rect" href="$classModel.html#e3b375de5f6df4faf74a95d64748e048" title="Model::Model" alt="" coords="515,1069,621,1096">
<area shape="rect" href="$classSnort.html#ce6c82705690744cdc5ae36ed96a7ce1" title="Snort::Snort" alt="" coords="517,1120,619,1147">
